// Jest Snapshot v1, https://goo.gl/fbAQLP

exports[`manager > actions > projects > should load a project and associated data 1`] = `
Object {
  "active": null,
  "all": Array [
    Object {
      "autoFetchFeeds": true,
      "autoFetchHour": 0,
      "autoFetchMinute": 0,
      "bounds": null,
      "buildConfig": Object {
        "fares": null,
        "fetchElevationUS": null,
        "stationTransfers": null,
        "subwayAccessTime": null,
      },
      "dateCreated": 1526305321824,
      "defaultTimeZone": null,
      "deployments": Array [
        Object {
          "customBuildConfig": null,
          "customRouterConfig": null,
          "dateCreated": 1553292345720,
          "deployJobSummaries": Array [],
          "deployedTo": null,
          "ec2Instances": Array [],
          "feedSourceId": null,
          "feedVersions": Array [
            Object {
              "feedSource": Object {
                "dateCreated": 1536195264564,
                "deployable": false,
                "editorNamespace": "gzek_ztquwiwjmselpeswgbsrre",
                "externalProperties": Object {},
                "id": "mock-feed-with-version-id",
                "isPublic": false,
                "lastFetched": 1543389038810,
                "lastUpdated": 1543389038810,
                "latestValidation": Object {
                  "agencies": null,
                  "agencyCount": 1,
                  "avgDailyRevenueTime": 0,
                  "bounds": Object {
                    "east": -76.481211,
                    "north": 39.0486949672717,
                    "south": 38.92884,
                    "west": -76.5673055566884,
                  },
                  "endDate": "20190801",
                  "errorCount": 78,
                  "feedVersionId": "mock-feed-version-id",
                  "loadFailureReason": null,
                  "loadStatus": "SUCCESS",
                  "routeCount": 10,
                  "startDate": "20180801",
                  "stopCount": 237,
                  "stopTimesCount": 11170,
                  "tripCount": 415,
                },
                "latestVersionId": "mock-feed-version-id",
                "name": "test feed with a version",
                "noteCount": 0,
                "organizationId": null,
                "projectId": "mock-project-id",
                "publishedVersionId": null,
                "retrievalMethod": "MANUALLY_UPLOADED",
                "s3Url": null,
                "snapshotVersion": null,
                "url": "http://mdtrip.org/googletransit/AnnapolisTransit/google_transit.zip",
                "user": null,
              },
              "id": "mock-feed-version-id",
              "nextVersionId": null,
              "previousVersionId": null,
              "updated": 1543389038810,
              "validationResult": Object {
                "agencies": null,
                "agencyCount": 1,
                "avgDailyRevenueTime": 0,
                "bounds": Object {
                  "east": -76.481211,
                  "north": 39.0486949672717,
                  "south": 38.92884,
                  "west": -76.5673055566884,
                },
                "endDate": "20190801",
                "errorCount": 78,
                "feedVersionId": "mock-feed-version-id",
                "loadFailureReason": null,
                "loadStatus": "SUCCESS",
                "routeCount": 10,
                "startDate": "20180801",
                "stopCount": 237,
                "stopTimesCount": 11170,
                "tripCount": 415,
              },
              "version": 1,
            },
          ],
          "id": "mock-deployment-id-0",
          "invalidFeedSources": Array [],
          "lastDeployed": null,
          "lastUpdated": 1553292345726,
          "latest": null,
          "name": "mock-deployment",
          "organizationId": null,
          "osmExtractUrl": null,
          "otpCommit": null,
          "otpVersion": null,
          "projectBounds": Object {
            "east": 0,
            "north": 0,
            "south": 0,
            "west": 0,
          },
          "projectId": "mock-project-with-deployments-id",
          "r5": false,
          "r5Version": null,
          "routerId": null,
          "skipOsmExtract": false,
          "user": null,
        },
      ],
      "feedSources": Array [
        Object {
          "dateCreated": 1536195264564,
          "deployable": false,
          "editorNamespace": "gzek_ztquwiwjmselpeswgbsrre",
          "externalProperties": Object {},
          "id": "mock-feed-with-version-id",
          "isPublic": false,
          "lastFetched": 1543389038810,
          "lastUpdated": 1543389038810,
          "latestValidation": Object {
            "agencies": null,
            "agencyCount": 1,
            "avgDailyRevenueTime": 0,
            "bounds": Object {
              "east": -76.481211,
              "north": 39.0486949672717,
              "south": 38.92884,
              "west": -76.5673055566884,
            },
            "endDate": "20190801",
            "errorCount": 78,
            "feedVersionId": "mock-feed-version-id",
            "loadFailureReason": null,
            "loadStatus": "SUCCESS",
            "routeCount": 10,
            "startDate": "20180801",
            "stopCount": 237,
            "stopTimesCount": 11170,
            "tripCount": 415,
          },
          "latestVersionId": "mock-feed-version-id",
          "name": "test feed with a version",
          "noteCount": 0,
          "organizationId": null,
          "projectId": "mock-project-id",
          "publishedVersionId": null,
          "retrievalMethod": "MANUALLY_UPLOADED",
          "s3Url": null,
          "snapshotVersion": null,
          "url": "http://mdtrip.org/googletransit/AnnapolisTransit/google_transit.zip",
          "user": null,
        },
      ],
      "id": "mock-project-with-deployments-id",
      "lastUpdated": 1553236399556,
      "name": "mock-project-with-deployments",
      "organizationId": null,
      "otpServers": Array [],
      "pinnedDeploymentId": null,
      "routerConfig": Object {
        "carDropoffTime": null,
        "numItineraries": null,
        "requestLogFile": null,
        "stairsReluctance": null,
        "updaters": null,
        "walkSpeed": null,
      },
      "useCustomOsmBounds": false,
      "user": null,
    },
  ],
  "filter": Object {
    "feedSourceTableComparisonColumn": "DEPLOYED",
    "feedSourceTableFilterCountStrategy": "LATEST",
    "filter": null,
    "searchText": null,
  },
  "isFetching": false,
  "sort": "alphabetically-asc",
}
`;

exports[`manager > actions > projects > should set a new feed source sort order 1`] = `
Object {
  "active": null,
  "all": Array [],
  "filter": Object {
    "feedSourceTableComparisonColumn": null,
    "feedSourceTableFilterCountStrategy": "LATEST",
    "filter": null,
    "searchText": null,
  },
  "isFetching": false,
  "sort": "alphabetically-desc",
}
`;
